// Jest Snapshot v1, https://goo.gl/fbAQLP

exports[`App should match snapShot 1`] = `undefined`;
