// Jest Snapshot v1, https://goo.gl/fbAQLP

exports[`Card should mock snapshot 1`] = `undefined`;
